// Jest Snapshot v1, https://goo.gl/fbAQLP

exports[`GifItem Debe hacer match con el snapshot 1`] = `
<div>
  <div
    class="card"
  >
    <img
      alt="test"
      src="http://test.com"
    />
    <p>
      test
    </p>
  </div>
</div>
`;
